// Jest Snapshot v1, https://goo.gl/fbAQLP

exports[`renders <Home/ > 1`] = `
<div>
  <main
    class="page-container"
  >
    <div
      class="page-container__inner"
    >
      <div
        class="page-container__main"
      >
        <div
          class="breadcrumb"
        >
          <nav
            aria-label="Breadcrumb"
            class="breadcrumb__nav"
            data-cytest="breadcrumb"
            role="navigation"
          >
            <ol
              class="breadcrumb__list"
              itemprop="breadcrumb"
              itemscope=""
              itemtype="http://schema.org/BreadcrumbList"
            >
              <li
                class="breadcrumb__list-item"
                itemprop="itemListElement"
                itemscope=""
                itemtype="http://schema.org/ListItem"
              >
                 
                <a
                  class="breadcrumb__link link link--black"
                  href="/nl/nl"
                  itemprop="item"
                >
                  
                  <span
                    class="breadcrumb__item"
                    data-cytes="crumb"
                  >
                    IKEA
                  </span>
                </a>
                 
                <meta
                  content="1"
                  itemprop="position"
                />
              </li>
              <li
                class="breadcrumb__list-item"
                itemprop="itemListElement"
                itemscope=""
                itemtype="http://schema.org/ListItem"
              >
                 
                <a
                  class="breadcrumb__link link link--black"
                  href="/nl/nl/customer-service"
                  itemprop="item"
                >
                  
                  <span
                    class="breadcrumb__item"
                    data-cytes="crumb"
                  >
                    Klantenservice
                  </span>
                </a>
                 
                <meta
                  content="2"
                  itemprop="position"
                />
              </li>
              <li
                class="breadcrumb__list-item"
                itemprop="itemListElement"
                itemscope=""
                itemtype="http://schema.org/ListItem"
              >
                 
                <a
                  class="breadcrumb__link link link--black"
                  href="/nl/nl/customer-service/support"
                  itemprop="item"
                >
                  
                  <span
                    class="breadcrumb__item"
                    data-cytes="crumb"
                  >
                    We are here to help and you should be greatful
                  </span>
                </a>
                 
                <meta
                  content="3"
                  itemprop="position"
                />
              </li>
            </ol>
          </nav>
        </div>
        <div
          class="headline"
        >
          <h1
            class="headline__title"
            data-cytest="headline"
          >
            We are here to help and you should be greatful
          </h1>
          <p
            class="headline__description"
          >
            Choose a topic and weâ€™ll find you the best way to get in touch. 

          </p>
        </div>
        <div
          class="topic-wrapper"
        >
          <ul
            class="action-list action-list--regular topics-container-additional"
            data-cytest="topics-list"
          >
            <li
              class="action-list-item"
            >
              <button
                class="action-list-item__action"
              >
                <span
                  class="action-list-item__label-container"
                >
                  <span
                    class="action-list-item__label"
                  >
                    Stores and about IKEA
                  </span>
                  <span
                    class="action-list-item__caption"
                  >
                    Get help finding your closest IKEA store. You can also find out more about IKEA here. 
                  </span>
                </span>
                <span
                  class="action-list-item__chevron"
                >
                  <svg
                    aria-hidden="true"
                    class="svg-icon"
                    focusable="false"
                    viewBox="0 0 24 24"
                  >
                    <path
                      clip-rule="evenodd"
                      d="M15.6 12l-5.785 5.786L8.4 16.372l4.371-4.371-4.37-4.372 1.414-1.414L15.6 12z"
                      fill-rule="evenodd"
                    />
                  </svg>
                </span>
              </button>
            </li>
            <li
              class="action-list-item"
            >
              <button
                class="action-list-item__action"
              >
                <span
                  class="action-list-item__label-container"
                >
                  <span
                    class="action-list-item__label"
                  >
                    How to shop
                  </span>
                  <span
                    class="action-list-item__caption"
                  >
                    Shopping in store or from home
                  </span>
                </span>
                <span
                  class="action-list-item__chevron"
                >
                  <svg
                    aria-hidden="true"
                    class="svg-icon"
                    focusable="false"
                    viewBox="0 0 24 24"
                  >
                    <path
                      clip-rule="evenodd"
                      d="M15.6 12l-5.785 5.786L8.4 16.372l4.371-4.371-4.37-4.372 1.414-1.414L15.6 12z"
                      fill-rule="evenodd"
                    />
                  </svg>
                </span>
              </button>
            </li>
            <li
              class="action-list-item"
            >
              <button
                class="action-list-item__action"
              >
                <span
                  class="action-list-item__label-container"
                >
                  <span
                    class="action-list-item__label"
                  >
                    Place an order
                  </span>
                  <span
                    class="action-list-item__caption"
                  >
                    Need help placing an order? We can help. 
                  </span>
                </span>
                <span
                  class="action-list-item__chevron"
                >
                  <svg
                    aria-hidden="true"
                    class="svg-icon"
                    focusable="false"
                    viewBox="0 0 24 24"
                  >
                    <path
                      clip-rule="evenodd"
                      d="M15.6 12l-5.785 5.786L8.4 16.372l4.371-4.371-4.37-4.372 1.414-1.414L15.6 12z"
                      fill-rule="evenodd"
                    />
                  </svg>
                </span>
              </button>
            </li>
            <li
              class="action-list-item"
            >
              <button
                class="action-list-item__action"
              >
                <span
                  class="action-list-item__label-container"
                >
                  <span
                    class="action-list-item__label"
                  >
                    Services
                  </span>
                  <span
                    class="action-list-item__caption"
                  >
                    Get help navigating services
                  </span>
                </span>
                <span
                  class="action-list-item__chevron"
                >
                  <svg
                    aria-hidden="true"
                    class="svg-icon"
                    focusable="false"
                    viewBox="0 0 24 24"
                  >
                    <path
                      clip-rule="evenodd"
                      d="M15.6 12l-5.785 5.786L8.4 16.372l4.371-4.371-4.37-4.372 1.414-1.414L15.6 12z"
                      fill-rule="evenodd"
                    />
                  </svg>
                </span>
              </button>
            </li>
            <li
              class="action-list-item"
            >
              <button
                class="action-list-item__action"
              >
                <span
                  class="action-list-item__label-container"
                >
                  <span
                    class="action-list-item__label"
                  >
                    Product & technical information and support
                  </span>
                  <span
                    class="action-list-item__caption"
                  >
                    Here you'll find ways to get help with assembly, buying guides, product recalls and IKEA smart products
                  </span>
                </span>
                <span
                  class="action-list-item__chevron"
                >
                  <svg
                    aria-hidden="true"
                    class="svg-icon"
                    focusable="false"
                    viewBox="0 0 24 24"
                  >
                    <path
                      clip-rule="evenodd"
                      d="M15.6 12l-5.785 5.786L8.4 16.372l4.371-4.371-4.37-4.372 1.414-1.414L15.6 12z"
                      fill-rule="evenodd"
                    />
                  </svg>
                </span>
              </button>
            </li>
            <li
              class="action-list-item"
            >
              <button
                class="action-list-item__action"
              >
                <span
                  class="action-list-item__label-container"
                >
                  <span
                    class="action-list-item__label"
                  >
                    Manage order
                  </span>
                  <span
                    class="action-list-item__caption"
                  >
                    Need to change or edit your order? This is your starting point. 
                  </span>
                </span>
                <span
                  class="action-list-item__chevron"
                >
                  <svg
                    aria-hidden="true"
                    class="svg-icon"
                    focusable="false"
                    viewBox="0 0 24 24"
                  >
                    <path
                      clip-rule="evenodd"
                      d="M15.6 12l-5.785 5.786L8.4 16.372l4.371-4.371-4.37-4.372 1.414-1.414L15.6 12z"
                      fill-rule="evenodd"
                    />
                  </svg>
                </span>
              </button>
            </li>
            <li
              class="action-list-item"
            >
              <button
                class="action-list-item__action"
              >
                <span
                  class="action-list-item__label-container"
                >
                  <span
                    class="action-list-item__label"
                  >
                    Returns, refunds, delivery issues, & missing Items
                  </span>
                  <span
                    class="action-list-item__caption"
                  >
                    Stuff happens, we know. But when it does, you can contact us and get support. 
                  </span>
                </span>
                <span
                  class="action-list-item__chevron"
                >
                  <svg
                    aria-hidden="true"
                    class="svg-icon"
                    focusable="false"
                    viewBox="0 0 24 24"
                  >
                    <path
                      clip-rule="evenodd"
                      d="M15.6 12l-5.785 5.786L8.4 16.372l4.371-4.371-4.37-4.372 1.414-1.414L15.6 12z"
                      fill-rule="evenodd"
                    />
                  </svg>
                </span>
              </button>
            </li>
            <li
              class="action-list-item"
            >
              <button
                class="action-list-item__action"
              >
                <span
                  class="action-list-item__label-container"
                >
                  <span
                    class="action-list-item__label"
                  >
                    Feedback and complaints
                  </span>
                  <span
                    class="action-list-item__caption"
                  >
                    Tell us how we're doing
                  </span>
                </span>
                <span
                  class="action-list-item__chevron"
                >
                  <svg
                    aria-hidden="true"
                    class="svg-icon"
                    focusable="false"
                    viewBox="0 0 24 24"
                  >
                    <path
                      clip-rule="evenodd"
                      d="M15.6 12l-5.785 5.786L8.4 16.372l4.371-4.371-4.37-4.372 1.414-1.414L15.6 12z"
                      fill-rule="evenodd"
                    />
                  </svg>
                </span>
              </button>
            </li>
            <li
              class="action-list-item"
            >
              <button
                class="action-list-item__action"
              >
                <span
                  class="action-list-item__label-container"
                >
                  <span
                    class="action-list-item__label"
                  >
                    Other help topics
                  </span>
                  <span
                    class="action-list-item__caption"
                  >
                    Some topics might fall between categories. This is where we start. 
                  </span>
                </span>
                <span
                  class="action-list-item__chevron"
                >
                  <svg
                    aria-hidden="true"
                    class="svg-icon"
                    focusable="false"
                    viewBox="0 0 24 24"
                  >
                    <path
                      clip-rule="evenodd"
                      d="M15.6 12l-5.785 5.786L8.4 16.372l4.371-4.371-4.37-4.372 1.414-1.414L15.6 12z"
                      fill-rule="evenodd"
                    />
                  </svg>
                </span>
              </button>
            </li>
          </ul>
        </div>
        <div
          class="faq"
        >
          <h2
            class="faq__headline"
          >
            Zoeken naar informatie
          </h2>
          <div
            data-cytest="faq"
          >
            <km-search-integration
              lang="nl-NL"
            />
            <km-faq-accordion
              faqlang="nl"
              lazyload="true"
              listtitle=""
              widget="m6"
            />
          </div>
        </div>
      </div>
    </div>
  </main>
</div>
`;
