// Jest Snapshot v1, https://goo.gl/fbAQLP

exports[`renders <StillNeedHelp/> 1`] = `
<div>
  <div
    class="section"
  >
    <h2
      class="section__title"
    >
      Nog hulp nodig?
    </h2>
    <div
      class="section__body"
    >
      Heb je een andere vraag of een probleem  over de beschikbaarheid van producten en vind je het antwoord niet? Neem contact op met de klantenservice, zij helpen je verder.
    </div>
  </div>
</div>
`;
