// Jest Snapshot v1, https://goo.gl/fbAQLP

exports[`renders <App/> 1`] = `
<div>
  <div
    class="app"
  />
</div>
`;
